 DBS File Read Report

 Summary
   Number of Fixed Variables      :  0
   Number of Manipulated Variables:  0
   Number of State Variables      :  100
   Number of Controlled Variables :  0
 
 Name: sign2_1.s[1]
  Measurement Uninitialized, Using Model Value ( 1. ) as Default for MEAS and LSTVAL
 sign2_1.s[1].LOWER:  -1.23456789E+20
 sign2_1.s[1].UPPER:  1.23456789E+20
  Lower Bound Uninitialized, Using Model Value ( 0. ) as Default for LOWER
 
 Name: sign2_1.s[2]
  Measurement Uninitialized, Using Model Value ( 1. ) as Default for MEAS and LSTVAL
 sign2_1.s[2].LOWER:  -1.23456789E+20
 sign2_1.s[2].UPPER:  1.23456789E+20
  Lower Bound Uninitialized, Using Model Value ( 0. ) as Default for LOWER
 
 Name: sign2_2.s[1]
  Measurement Uninitialized, Using Model Value ( 1. ) as Default for MEAS and LSTVAL
 sign2_2.s[1].LOWER:  -1.23456789E+20
 sign2_2.s[1].UPPER:  1.23456789E+20
  Lower Bound Uninitialized, Using Model Value ( 0. ) as Default for LOWER
 
 Name: sign2_2.s[2]
  Measurement Uninitialized, Using Model Value ( 1. ) as Default for MEAS and LSTVAL
 sign2_2.s[2].LOWER:  -1.23456789E+20
 sign2_2.s[2].UPPER:  1.23456789E+20
  Lower Bound Uninitialized, Using Model Value ( 0. ) as Default for LOWER
 
 Name: sign2_3.s[1]
  Measurement Uninitialized, Using Model Value ( 1. ) as Default for MEAS and LSTVAL
 sign2_3.s[1].LOWER:  -1.23456789E+20
 sign2_3.s[1].UPPER:  1.23456789E+20
  Lower Bound Uninitialized, Using Model Value ( 0. ) as Default for LOWER
 
 Name: sign2_3.s[2]
  Measurement Uninitialized, Using Model Value ( 1. ) as Default for MEAS and LSTVAL
 sign2_3.s[2].LOWER:  -1.23456789E+20
 sign2_3.s[2].UPPER:  1.23456789E+20
  Lower Bound Uninitialized, Using Model Value ( 0. ) as Default for LOWER
 
 Name: sign2_4.s[1]
  Measurement Uninitialized, Using Model Value ( 1. ) as Default for MEAS and LSTVAL
 sign2_4.s[1].LOWER:  -1.23456789E+20
 sign2_4.s[1].UPPER:  1.23456789E+20
  Lower Bound Uninitialized, Using Model Value ( 0. ) as Default for LOWER
 
 Name: sign2_4.s[2]
  Measurement Uninitialized, Using Model Value ( 1. ) as Default for MEAS and LSTVAL
 sign2_4.s[2].LOWER:  -1.23456789E+20
 sign2_4.s[2].UPPER:  1.23456789E+20
  Lower Bound Uninitialized, Using Model Value ( 0. ) as Default for LOWER
 
 Name: sign2_5.s[1]
  Measurement Uninitialized, Using Model Value ( 1. ) as Default for MEAS and LSTVAL
 sign2_5.s[1].LOWER:  -1.23456789E+20
 sign2_5.s[1].UPPER:  1.23456789E+20
  Lower Bound Uninitialized, Using Model Value ( 0. ) as Default for LOWER
 
 Name: sign2_5.s[2]
  Measurement Uninitialized, Using Model Value ( 1. ) as Default for MEAS and LSTVAL
 sign2_5.s[2].LOWER:  -1.23456789E+20
 sign2_5.s[2].UPPER:  1.23456789E+20
  Lower Bound Uninitialized, Using Model Value ( 0. ) as Default for LOWER
 
 Name: sign2_6.s[1]
  Measurement Uninitialized, Using Model Value ( 1. ) as Default for MEAS and LSTVAL
 sign2_6.s[1].LOWER:  -1.23456789E+20
 sign2_6.s[1].UPPER:  1.23456789E+20
  Lower Bound Uninitialized, Using Model Value ( 0. ) as Default for LOWER
 
 Name: sign2_6.s[2]
  Measurement Uninitialized, Using Model Value ( 1. ) as Default for MEAS and LSTVAL
 sign2_6.s[2].LOWER:  -1.23456789E+20
 sign2_6.s[2].UPPER:  1.23456789E+20
  Lower Bound Uninitialized, Using Model Value ( 0. ) as Default for LOWER
 
 Name: sign2_7.s[1]
  Measurement Uninitialized, Using Model Value ( 1. ) as Default for MEAS and LSTVAL
 sign2_7.s[1].LOWER:  -1.23456789E+20
 sign2_7.s[1].UPPER:  1.23456789E+20
  Lower Bound Uninitialized, Using Model Value ( 0. ) as Default for LOWER
 
 Name: sign2_7.s[2]
  Measurement Uninitialized, Using Model Value ( 1. ) as Default for MEAS and LSTVAL
 sign2_7.s[2].LOWER:  -1.23456789E+20
 sign2_7.s[2].UPPER:  1.23456789E+20
  Lower Bound Uninitialized, Using Model Value ( 0. ) as Default for LOWER
 
 Name: sign2_8.s[1]
  Measurement Uninitialized, Using Model Value ( 1. ) as Default for MEAS and LSTVAL
 sign2_8.s[1].LOWER:  -1.23456789E+20
 sign2_8.s[1].UPPER:  1.23456789E+20
  Lower Bound Uninitialized, Using Model Value ( 0. ) as Default for LOWER
 
 Name: sign2_8.s[2]
  Measurement Uninitialized, Using Model Value ( 1. ) as Default for MEAS and LSTVAL
 sign2_8.s[2].LOWER:  -1.23456789E+20
 sign2_8.s[2].UPPER:  1.23456789E+20
  Lower Bound Uninitialized, Using Model Value ( 0. ) as Default for LOWER
 
 Name: sign2_9.s[1]
  Measurement Uninitialized, Using Model Value ( 1. ) as Default for MEAS and LSTVAL
 sign2_9.s[1].LOWER:  -1.23456789E+20
 sign2_9.s[1].UPPER:  1.23456789E+20
  Lower Bound Uninitialized, Using Model Value ( 0. ) as Default for LOWER
 
 Name: sign2_9.s[2]
  Measurement Uninitialized, Using Model Value ( 1. ) as Default for MEAS and LSTVAL
 sign2_9.s[2].LOWER:  -1.23456789E+20
 sign2_9.s[2].UPPER:  1.23456789E+20
  Lower Bound Uninitialized, Using Model Value ( 0. ) as Default for LOWER
 
 Name: sign2_10.s[1]
  Measurement Uninitialized, Using Model Value ( 1. ) as Default for MEAS and LSTVAL
 sign2_10.s[1].LOWER:  -1.23456789E+20
 sign2_10.s[1].UPPER:  1.23456789E+20
  Lower Bound Uninitialized, Using Model Value ( 0. ) as Default for LOWER
 
 Name: sign2_10.s[2]
  Measurement Uninitialized, Using Model Value ( 1. ) as Default for MEAS and LSTVAL
 sign2_10.s[2].LOWER:  -1.23456789E+20
 sign2_10.s[2].UPPER:  1.23456789E+20
  Lower Bound Uninitialized, Using Model Value ( 0. ) as Default for LOWER
 
 Name: sign2_11.s[1]
  Measurement Uninitialized, Using Model Value ( 1. ) as Default for MEAS and LSTVAL
 sign2_11.s[1].LOWER:  -1.23456789E+20
 sign2_11.s[1].UPPER:  1.23456789E+20
  Lower Bound Uninitialized, Using Model Value ( 0. ) as Default for LOWER
 
 Name: sign2_11.s[2]
  Measurement Uninitialized, Using Model Value ( 1. ) as Default for MEAS and LSTVAL
 sign2_11.s[2].LOWER:  -1.23456789E+20
 sign2_11.s[2].UPPER:  1.23456789E+20
  Lower Bound Uninitialized, Using Model Value ( 0. ) as Default for LOWER
 
 Name: sign2_12.s[1]
  Measurement Uninitialized, Using Model Value ( 1. ) as Default for MEAS and LSTVAL
 sign2_12.s[1].LOWER:  -1.23456789E+20
 sign2_12.s[1].UPPER:  1.23456789E+20
  Lower Bound Uninitialized, Using Model Value ( 0. ) as Default for LOWER
 
 Name: sign2_12.s[2]
  Measurement Uninitialized, Using Model Value ( 1. ) as Default for MEAS and LSTVAL
 sign2_12.s[2].LOWER:  -1.23456789E+20
 sign2_12.s[2].UPPER:  1.23456789E+20
  Lower Bound Uninitialized, Using Model Value ( 0. ) as Default for LOWER
 
 Name: int_i1_t_0
  Measurement Uninitialized, Using Model Value ( 0. ) as Default for MEAS and LSTVAL
 int_i1_t_0.LOWER:  0.
 int_i1_t_0.UPPER:  1.
 
 Name: int_i1_t_1
  Measurement Uninitialized, Using Model Value ( 0. ) as Default for MEAS and LSTVAL
 int_i1_t_1.LOWER:  0.
 int_i1_t_1.UPPER:  1.
 
 Name: int_i1_t_2
  Measurement Uninitialized, Using Model Value ( 0. ) as Default for MEAS and LSTVAL
 int_i1_t_2.LOWER:  0.
 int_i1_t_2.UPPER:  1.
 
 Name: int_i3_t_0
  Measurement Uninitialized, Using Model Value ( 0. ) as Default for MEAS and LSTVAL
 int_i3_t_0.LOWER:  0.
 int_i3_t_0.UPPER:  1.
 
 Name: int_i3_t_1
  Measurement Uninitialized, Using Model Value ( 0. ) as Default for MEAS and LSTVAL
 int_i3_t_1.LOWER:  0.
 int_i3_t_1.UPPER:  1.
 
 Name: int_i3_t_2
  Measurement Uninitialized, Using Model Value ( 0. ) as Default for MEAS and LSTVAL
 int_i3_t_2.LOWER:  0.
 int_i3_t_2.UPPER:  1.
 
 Name: int_i2_t_0
  Measurement Uninitialized, Using Model Value ( 0. ) as Default for MEAS and LSTVAL
 int_i2_t_0.LOWER:  0.
 int_i2_t_0.UPPER:  1.
 
 Name: int_i2_t_1
  Measurement Uninitialized, Using Model Value ( 0. ) as Default for MEAS and LSTVAL
 int_i2_t_1.LOWER:  0.
 int_i2_t_1.UPPER:  1.
 
 Name: int_i2_t_2
  Measurement Uninitialized, Using Model Value ( 0. ) as Default for MEAS and LSTVAL
 int_i2_t_2.LOWER:  0.
 int_i2_t_2.UPPER:  1.
 
 Name: int_v10
  Measurement Uninitialized, Using Model Value ( 0.01 ) as Default for MEAS and LSTVAL
 int_v10.LOWER:  0.
 int_v10.UPPER:  1.
 
 Name: v11
  Measurement Uninitialized, Using Model Value ( 0. ) as Default for MEAS and LSTVAL
 v11.LOWER:  -1.23456789E+20
 v11.UPPER:  1.23456789E+20
 
 Name: int_v12
  Measurement Uninitialized, Using Model Value ( 0.01 ) as Default for MEAS and LSTVAL
 int_v12.LOWER:  0.
 int_v12.UPPER:  1.
 
 Name: v13
  Measurement Uninitialized, Using Model Value ( 0. ) as Default for MEAS and LSTVAL
 v13.LOWER:  -1.23456789E+20
 v13.UPPER:  1.23456789E+20
 
 Name: int_v14
  Measurement Uninitialized, Using Model Value ( 0.01 ) as Default for MEAS and LSTVAL
 int_v14.LOWER:  0.
 int_v14.UPPER:  1.
 
 Name: v15
  Measurement Uninitialized, Using Model Value ( 0. ) as Default for MEAS and LSTVAL
 v15.LOWER:  -1.23456789E+20
 v15.UPPER:  1.23456789E+20
 
 Name: int_v16
  Measurement Uninitialized, Using Model Value ( 0.01 ) as Default for MEAS and LSTVAL
 int_v16.LOWER:  0.
 int_v16.UPPER:  1.
 
 Name: v17
  Measurement Uninitialized, Using Model Value ( 0. ) as Default for MEAS and LSTVAL
 v17.LOWER:  -1.23456789E+20
 v17.UPPER:  1.23456789E+20
 
 Name: int_v18
  Measurement Uninitialized, Using Model Value ( 0.01 ) as Default for MEAS and LSTVAL
 int_v18.LOWER:  0.
 int_v18.UPPER:  1.
 
 Name: v19
  Measurement Uninitialized, Using Model Value ( 0. ) as Default for MEAS and LSTVAL
 v19.LOWER:  -1.23456789E+20
 v19.UPPER:  1.23456789E+20
 
 Name: int_v20
  Measurement Uninitialized, Using Model Value ( 0.01 ) as Default for MEAS and LSTVAL
 int_v20.LOWER:  0.
 int_v20.UPPER:  1.
 
 Name: v21
  Measurement Uninitialized, Using Model Value ( 0. ) as Default for MEAS and LSTVAL
 v21.LOWER:  -1.23456789E+20
 v21.UPPER:  1.23456789E+20
 
 Name: int_v22
  Measurement Uninitialized, Using Model Value ( 0.01 ) as Default for MEAS and LSTVAL
 int_v22.LOWER:  0.
 int_v22.UPPER:  1.
 
 Name: v23
  Measurement Uninitialized, Using Model Value ( 0. ) as Default for MEAS and LSTVAL
 v23.LOWER:  -1.23456789E+20
 v23.UPPER:  1.23456789E+20
 
 Name: int_v24
  Measurement Uninitialized, Using Model Value ( 0.01 ) as Default for MEAS and LSTVAL
 int_v24.LOWER:  0.
 int_v24.UPPER:  1.
 
 Name: v25
  Measurement Uninitialized, Using Model Value ( 0. ) as Default for MEAS and LSTVAL
 v25.LOWER:  -1.23456789E+20
 v25.UPPER:  1.23456789E+20
 
 Name: int_v26
  Measurement Uninitialized, Using Model Value ( 0.01 ) as Default for MEAS and LSTVAL
 int_v26.LOWER:  0.
 int_v26.UPPER:  1.
 
 Name: v27
  Measurement Uninitialized, Using Model Value ( 0. ) as Default for MEAS and LSTVAL
 v27.LOWER:  -1.23456789E+20
 v27.UPPER:  1.23456789E+20
 
 Name: int_v28
  Measurement Uninitialized, Using Model Value ( 0.01 ) as Default for MEAS and LSTVAL
 int_v28.LOWER:  0.
 int_v28.UPPER:  1.
 
 Name: v29
  Measurement Uninitialized, Using Model Value ( 0. ) as Default for MEAS and LSTVAL
 v29.LOWER:  -1.23456789E+20
 v29.UPPER:  1.23456789E+20
 
 Name: int_v30
  Measurement Uninitialized, Using Model Value ( 0.01 ) as Default for MEAS and LSTVAL
 int_v30.LOWER:  0.
 int_v30.UPPER:  1.
 
 Name: v31
  Measurement Uninitialized, Using Model Value ( 0. ) as Default for MEAS and LSTVAL
 v31.LOWER:  -1.23456789E+20
 v31.UPPER:  1.23456789E+20
 
 Name: int_v32
  Measurement Uninitialized, Using Model Value ( 0.01 ) as Default for MEAS and LSTVAL
 int_v32.LOWER:  0.
 int_v32.UPPER:  1.
 
 Name: v33
  Measurement Uninitialized, Using Model Value ( 0. ) as Default for MEAS and LSTVAL
 v33.LOWER:  -1.23456789E+20
 v33.UPPER:  1.23456789E+20
 
 Name: int_v34
  Measurement Uninitialized, Using Model Value ( 0.01 ) as Default for MEAS and LSTVAL
 int_v34.LOWER:  0.
 int_v34.UPPER:  1.
 
 Name: v35
  Measurement Uninitialized, Using Model Value ( 0. ) as Default for MEAS and LSTVAL
 v35.LOWER:  -1.23456789E+20
 v35.UPPER:  1.23456789E+20
 
 Name: int_v36
  Measurement Uninitialized, Using Model Value ( 0.01 ) as Default for MEAS and LSTVAL
 int_v36.LOWER:  0.
 int_v36.UPPER:  1.
 
 Name: v37
  Measurement Uninitialized, Using Model Value ( 0. ) as Default for MEAS and LSTVAL
 v37.LOWER:  -1.23456789E+20
 v37.UPPER:  1.23456789E+20
 
 Name: int_v38
  Measurement Uninitialized, Using Model Value ( 0.01 ) as Default for MEAS and LSTVAL
 int_v38.LOWER:  0.
 int_v38.UPPER:  1.
 
 Name: v39
  Measurement Uninitialized, Using Model Value ( 0. ) as Default for MEAS and LSTVAL
 v39.LOWER:  -1.23456789E+20
 v39.UPPER:  1.23456789E+20
 
 Name: int_v40
  Measurement Uninitialized, Using Model Value ( 0.01 ) as Default for MEAS and LSTVAL
 int_v40.LOWER:  0.
 int_v40.UPPER:  1.
 
 Name: v41
  Measurement Uninitialized, Using Model Value ( 0. ) as Default for MEAS and LSTVAL
 v41.LOWER:  -1.23456789E+20
 v41.UPPER:  1.23456789E+20
 
 Name: int_v42
  Measurement Uninitialized, Using Model Value ( 0.01 ) as Default for MEAS and LSTVAL
 int_v42.LOWER:  0.
 int_v42.UPPER:  1.
 
 Name: v43
  Measurement Uninitialized, Using Model Value ( 0. ) as Default for MEAS and LSTVAL
 v43.LOWER:  -1.23456789E+20
 v43.UPPER:  1.23456789E+20
 
 Name: int_v44
  Measurement Uninitialized, Using Model Value ( 0.01 ) as Default for MEAS and LSTVAL
 int_v44.LOWER:  0.
 int_v44.UPPER:  1.
 
 Name: v45
  Measurement Uninitialized, Using Model Value ( 0. ) as Default for MEAS and LSTVAL
 v45.LOWER:  -1.23456789E+20
 v45.UPPER:  1.23456789E+20
 
 Name: int_v46
  Measurement Uninitialized, Using Model Value ( 0.01 ) as Default for MEAS and LSTVAL
 int_v46.LOWER:  0.
 int_v46.UPPER:  1.
 
 Name: v47
  Measurement Uninitialized, Using Model Value ( 0. ) as Default for MEAS and LSTVAL
 v47.LOWER:  -1.23456789E+20
 v47.UPPER:  1.23456789E+20
 
 Name: int_v48
  Measurement Uninitialized, Using Model Value ( 0.01 ) as Default for MEAS and LSTVAL
 int_v48.LOWER:  0.
 int_v48.UPPER:  1.
 
 Name: v49
  Measurement Uninitialized, Using Model Value ( 0. ) as Default for MEAS and LSTVAL
 v49.LOWER:  -1.23456789E+20
 v49.UPPER:  1.23456789E+20
 
 Name: int_v50
  Measurement Uninitialized, Using Model Value ( 0.01 ) as Default for MEAS and LSTVAL
 int_v50.LOWER:  0.
 int_v50.UPPER:  1.
 
 Name: v51
  Measurement Uninitialized, Using Model Value ( 0. ) as Default for MEAS and LSTVAL
 v51.LOWER:  -1.23456789E+20
 v51.UPPER:  1.23456789E+20
 
 Name: int_v52
  Measurement Uninitialized, Using Model Value ( 0.01 ) as Default for MEAS and LSTVAL
 int_v52.LOWER:  0.
 int_v52.UPPER:  1.
 
 Name: v53
  Measurement Uninitialized, Using Model Value ( 0. ) as Default for MEAS and LSTVAL
 v53.LOWER:  -1.23456789E+20
 v53.UPPER:  1.23456789E+20
 
 Name: int_v54
  Measurement Uninitialized, Using Model Value ( 0.01 ) as Default for MEAS and LSTVAL
 int_v54.LOWER:  0.
 int_v54.UPPER:  1.
 
 Name: v55
  Measurement Uninitialized, Using Model Value ( 0. ) as Default for MEAS and LSTVAL
 v55.LOWER:  -1.23456789E+20
 v55.UPPER:  1.23456789E+20
 
 Name: int_v56
  Measurement Uninitialized, Using Model Value ( 0.01 ) as Default for MEAS and LSTVAL
 int_v56.LOWER:  0.
 int_v56.UPPER:  1.
 
 Name: v57
  Measurement Uninitialized, Using Model Value ( 0. ) as Default for MEAS and LSTVAL
 v57.LOWER:  -1.23456789E+20
 v57.UPPER:  1.23456789E+20
 
 Name: int_v58
  Measurement Uninitialized, Using Model Value ( 0.01 ) as Default for MEAS and LSTVAL
 int_v58.LOWER:  0.
 int_v58.UPPER:  1.
 
 Name: v59
  Measurement Uninitialized, Using Model Value ( 0. ) as Default for MEAS and LSTVAL
 v59.LOWER:  -1.23456789E+20
 v59.UPPER:  1.23456789E+20
 
 Name: int_v60
  Measurement Uninitialized, Using Model Value ( 0.01 ) as Default for MEAS and LSTVAL
 int_v60.LOWER:  0.
 int_v60.UPPER:  1.
 
 Name: v61
  Measurement Uninitialized, Using Model Value ( 0. ) as Default for MEAS and LSTVAL
 v61.LOWER:  -1.23456789E+20
 v61.UPPER:  1.23456789E+20
 
 Name: int_v62
  Measurement Uninitialized, Using Model Value ( 0.01 ) as Default for MEAS and LSTVAL
 int_v62.LOWER:  0.
 int_v62.UPPER:  1.
 
 Name: v63
  Measurement Uninitialized, Using Model Value ( 0. ) as Default for MEAS and LSTVAL
 v63.LOWER:  -1.23456789E+20
 v63.UPPER:  1.23456789E+20
 
 Name: int_v64
  Measurement Uninitialized, Using Model Value ( 0.01 ) as Default for MEAS and LSTVAL
 int_v64.LOWER:  0.
 int_v64.UPPER:  1.
 
 Name: v65
  Measurement Uninitialized, Using Model Value ( 0. ) as Default for MEAS and LSTVAL
 v65.LOWER:  -1.23456789E+20
 v65.UPPER:  1.23456789E+20
 
 Name: int_v66
  Measurement Uninitialized, Using Model Value ( 0.01 ) as Default for MEAS and LSTVAL
 int_v66.LOWER:  0.
 int_v66.UPPER:  1.
 
 Name: v67
  Measurement Uninitialized, Using Model Value ( 0. ) as Default for MEAS and LSTVAL
 v67.LOWER:  -1.23456789E+20
 v67.UPPER:  1.23456789E+20
 
 Name: int_v68
  Measurement Uninitialized, Using Model Value ( 0.01 ) as Default for MEAS and LSTVAL
 int_v68.LOWER:  0.
 int_v68.UPPER:  1.
 
 Name: v69
  Measurement Uninitialized, Using Model Value ( 0. ) as Default for MEAS and LSTVAL
 v69.LOWER:  -1.23456789E+20
 v69.UPPER:  1.23456789E+20
 
 Name: int_v70
  Measurement Uninitialized, Using Model Value ( 0.01 ) as Default for MEAS and LSTVAL
 int_v70.LOWER:  0.
 int_v70.UPPER:  1.
 
 Name: v71
  Measurement Uninitialized, Using Model Value ( 0. ) as Default for MEAS and LSTVAL
 v71.LOWER:  -1.23456789E+20
 v71.UPPER:  1.23456789E+20
 
 Name: int_v72
  Measurement Uninitialized, Using Model Value ( 0.01 ) as Default for MEAS and LSTVAL
 int_v72.LOWER:  0.
 int_v72.UPPER:  1.
 
 Name: v73
  Measurement Uninitialized, Using Model Value ( 0. ) as Default for MEAS and LSTVAL
 v73.LOWER:  -1.23456789E+20
 v73.UPPER:  1.23456789E+20
 
 Name: int_v74
  Measurement Uninitialized, Using Model Value ( 0.01 ) as Default for MEAS and LSTVAL
 int_v74.LOWER:  0.
 int_v74.UPPER:  1.
 
 Name: v75
  Measurement Uninitialized, Using Model Value ( 0. ) as Default for MEAS and LSTVAL
 v75.LOWER:  -1.23456789E+20
 v75.UPPER:  1.23456789E+20
 
 Name: int_v76
  Measurement Uninitialized, Using Model Value ( 0.01 ) as Default for MEAS and LSTVAL
 int_v76.LOWER:  0.
 int_v76.UPPER:  1.
